##fileformat=VCFv4.2
##FILTER=<ID=PASS,Description="All filters passed">
##FILTER=<ID=INFO_NOT_ENOUGH,Description="Provided Information is not enough for phasing">
##FILTER=<ID=POOL_SPECTRAL_RESULT,Description="Phasing results with spetral graph theory is poor to be used">
##FILTER=<ID=10X_PHASING_INCONSISTENCY,Description="Phasing results are inconsistent">
##FILTER=<ID=WINDOW_RESULT_INCONSISTENCY,Description="Phasing results are inconsistent">
##FILTER=<ID=10X_ALLELE_FREQUENCY_FILTER,Description="Phasing results are inconsistent">
##FILTER=<ID=LOW_COVERAGE,Description="Low sequencing coverage">
##FILTER=<ID=TENX_QUAL_FILTER,Description="Low qual">
##FILTER=<ID=TENX_RESCUED_MOLECUE_HIGH_DIVERSITY,Description="Filter by mapq rescue and mean molecule divergence">
##ALT=<ID=NON_REF,Description="Represents any possible alternative allele at this location">
##FILTER=<ID=LowQual,Description="Low quality">
##FILTER=<ID=VQSRTrancheINDEL99.00to99.90,Description="Truth sensitivity tranche level for INDEL model at VQS Lod: -5.7269 <= x < -0.4085">
##FILTER=<ID=VQSRTrancheINDEL99.90to100.00+,Description="Truth sensitivity tranche level for INDEL model at VQS Lod < -26632.9278">
##FILTER=<ID=VQSRTrancheINDEL99.90to100.00,Description="Truth sensitivity tranche level for INDEL model at VQS Lod: -26632.9278 <= x < -5.7269">
##FILTER=<ID=VQSRTrancheSNP99.00to99.90,Description="Truth sensitivity tranche level for SNP model at VQS Lod: -4.4944 <= x < 0.1411">
##FILTER=<ID=VQSRTrancheSNP99.90to100.00+,Description="Truth sensitivity tranche level for SNP model at VQS Lod < -37929.4903">
##FILTER=<ID=VQSRTrancheSNP99.90to100.00,Description="Truth sensitivity tranche level for SNP model at VQS Lod: -37929.4903 <= x < -4.4944">
##FORMAT=<ID=GT,Number=1,Type=String,Description="Genotype">
##FORMAT=<ID=PS,Number=1,Type=Integer,Description="Phasing Block No.">
##FORMAT=<ID=AD,Number=R,Type=Integer,Description="Allelic depths for the ref and alt alleles in the order listed">
##FORMAT=<ID=DP,Number=1,Type=Integer,Description="Approximate read depth (reads with MQ=255 or with bad mates are filtered)">
##FORMAT=<ID=GQ,Number=1,Type=Integer,Description="Genotype Quality">
##FORMAT=<ID=MIN_DP,Number=1,Type=Integer,Description="Minimum DP observed within the GVCF block">
##FORMAT=<ID=PGT,Number=1,Type=String,Description="Physical phasing haplotype information, describing how the alternate alleles are phased in relation to one another">
##FORMAT=<ID=PID,Number=1,Type=String,Description="Physical phasing ID information, where each unique ID within a given sample (but not across samples) connects records within a phasing group">
##FORMAT=<ID=PL,Number=G,Type=Integer,Description="Normalized, Phred-scaled likelihoods for genotypes as defined in the VCF specification">
##FORMAT=<ID=RGQ,Number=1,Type=Integer,Description="Unconditional reference genotype confidence, encoded as a phred quality -10*log10 p(genotype call is wrong)">
##FORMAT=<ID=SB,Number=4,Type=Integer,Description="Per-sample component statistics which comprise the Fisher's Exact Test to detect strand bias.">
##GATKCommandLine.CombineGVCFs=<ID=CombineGVCFs,Version=3.5-0-g36282e4,Date="Wed Dec 11 17:08:20 UTC 2019",Epoch=1576084100958,CommandLineOptions="analysis_type=CombineGVCFs input_file=[] showFullBamList=false read_buffer_size=null phone_home=AWS gatk_key=null tag=NA read_filter=[] disable_read_filter=[] intervals=null excludeIntervals=null interval_set_rule=UNION interval_merging=ALL interval_padding=0 reference_sequence=/mnt/alpha/user/zhaozc/highlander/database/BWA_GATK_index/hg19.fa nonDeterministicRandomSeed=false disableDithering=false maxRuntime=-1 maxRuntimeUnits=MINUTES downsampling_type=BY_SAMPLE downsample_to_fraction=null downsample_to_coverage=1000 baq=OFF baqGapOpenPenalty=40.0 refactor_NDN_cigar_string=false fix_misencoded_quality_scores=false allow_potentially_misencoded_quality_scores=false useOriginalQualities=false defaultBaseQualities=-1 performanceLog=null BQSR=null quantize_quals=0 static_quantized_quals=null round_down_quantized=false disable_indel_quals=false emit_original_quals=false preserve_qscores_less_than=6 globalQScorePrior=-1.0 validation_strictness=SILENT remove_program_records=false keep_program_records=false sample_rename_mapping_file=null unsafe=null disable_auto_index_creation_and_locking_when_reading_rods=false no_cmdline_in_header=false sites_only=false never_trim_vcf_format_field=false bcf=false bam_compression=null simplifyBAM=false disable_bam_indexing=false generate_md5=false num_threads=1 num_cpu_threads_per_data_thread=1 num_io_threads=0 monitorThreadEfficiency=false num_bam_file_handles=null read_group_black_list=null pedigree=[] pedigreeString=[] pedigreeValidationType=STRICT allow_intervals_with_unindexed_bam=false generateShadowBCF=false variant_index_type=DYNAMIC_SEEK variant_index_parameter=-1 reference_window_stop=0 logging_level=INFO log_to_file=null help=false version=false annotation=[AS_RMSMappingQuality] dbsnp=(RodBinding name= source=UNBOUND) variant=[(RodBindingCollection [(RodBinding name=variant source=/mnt/alpha/user/zhaozc/highlander/batch3/merged_vcf/s0026-1_FDHG190451815-1a.chr1.g.vcf)]), (RodBindingCollection [(RodBinding name=variant2 source=/mnt/alpha/user/zhaozc/highlander/batch3/merged_vcf/s0074-1_FDHG190451799-1a.chr1.g.vcf)]), (RodBindingCollection [(RodBinding name=variant3 source=/mnt/alpha/user/zhaozc/highlander/batch3/merged_vcf/s0114-1_FDHG190451812-1a.chr1.g.vcf)]), (RodBindingCollection [(RodBinding name=variant4 source=/mnt/alpha/user/zhaozc/highlander/batch3/merged_vcf/s0146-1_FDHG190451808-1a.chr1.g.vcf)]), (RodBindingCollection [(RodBinding name=variant5 source=/mnt/alpha/user/zhaozc/highlander/batch3/merged_vcf/s0171-1_FDHG190451801-1a.chr1.g.vcf)]), (RodBindingCollection [(RodBinding name=variant6 source=/mnt/alpha/user/zhaozc/highlander/batch3/merged_vcf/s0210-1_FDHG190451805-1a.chr1.g.vcf)]), (RodBindingCollection [(RodBinding name=variant7 source=/mnt/alpha/user/zhaozc/highlander/batch3/merged_vcf/s0374-1_FDHG190451809-1a.chr1.g.vcf)]), (RodBindingCollection [(RodBinding name=variant8 source=/mnt/alpha/user/zhaozc/highlander/batch3/merged_vcf/s0494-1_FDHG190451814-1a.chr1.g.vcf)]), (RodBindingCollection [(RodBinding name=variant9 source=/mnt/alpha/user/zhaozc/highlander/batch3/merged_vcf/s1051-1_FDHG190451810-1a.chr1.g.vcf)]), (RodBindingCollection [(RodBinding name=variant10 source=/mnt/alpha/user/zhaozc/highlander/batch3/merged_vcf/s1075-1_FDHG190451802-1a.chr1.g.vcf)]), (RodBindingCollection [(RodBinding name=variant11 source=/mnt/alpha/user/zhaozc/highlander/batch3/merged_vcf/s1195-1_FDHG190451798-1a.chr1.g.vcf)]), (RodBindingCollection [(RodBinding name=variant12 source=/mnt/alpha/user/zhaozc/highlander/batch3/merged_vcf/s1459-1_FDHG190451790-1a.chr1.g.vcf)]), (RodBindingCollection [(RodBinding name=variant13 source=/mnt/alpha/user/zhaozc/highlander/batch3/merged_vcf/s1535-1_FDHG190451813-1a.chr1.g.vcf)]), (RodBindingCollection [(RodBinding name=variant14 source=/mnt/alpha/user/zhaozc/highlander/batch3/merged_vcf/s1575-1_FDHG190451806-1a.chr1.g.vcf)]), (RodBindingCollection [(RodBinding name=variant15 source=/mnt/alpha/user/zhaozc/highlander/batch3/merged_vcf/s1731-1_FDHG190451803-1a.chr1.g.vcf)]), (RodBindingCollection [(RodBinding name=variant16 source=/mnt/alpha/user/zhaozc/highlander/batch3/merged_vcf/s4647-1_FDHG190451816-1a.chr1.g.vcf)]), (RodBindingCollection [(RodBinding name=variant17 source=/mnt/alpha/user/zhaozc/highlander/batch3/merged_vcf/s4769-1_FDHG190451817-1a.chr1.g.vcf)]), (RodBindingCollection [(RodBinding name=variant18 source=/mnt/alpha/user/zhaozc/highlander/batch3/merged_vcf/s6666-1_FDHG190451811-1a.chr1.g.vcf)]), (RodBindingCollection [(RodBinding name=variant19 source=/mnt/alpha/user/zhaozc/highlander/batch3/merged_vcf/s7094-1_FDHG190451795-1a.chr1.g.vcf)]), (RodBindingCollection [(RodBinding name=variant20 source=/mnt/alpha/user/zhaozc/highlander/batch3/merged_vcf/s7130-1_FDHG190451807-1a.chr1.g.vcf)]), (RodBindingCollection [(RodBinding name=variant21 source=/mnt/alpha/user/zhaozc/highlander/batch3/merged_vcf/s9479-1_FDHG190451789-1a.chr1.g.vcf)]), (RodBindingCollection [(RodBinding name=variant22 source=/mnt/alpha/user/zhaozc/highlander/batch3/merged_vcf/s9631-1_FDHG190451804-1a.chr1.g.vcf)]), (RodBindingCollection [(RodBinding name=variant23 source=/mnt/alpha/user/zhaozc/highlander/batch3/merged_vcf/s9702-1_FDHG190451788-1a.chr1.g.vcf)]), (RodBindingCollection [(RodBinding name=variant24 source=/mnt/alpha/user/zhaozc/highlander/batch3/merged_vcf/s9826-1_FDHG190451793-1a.chr1.g.vcf)]), (RodBindingCollection [(RodBinding name=variant25 source=/mnt/alpha/user/zhaozc/highlander/batch3/merged_vcf/s9842-1_FDHG190451797-1a.chr1.g.vcf)]), (RodBindingCollection [(RodBinding name=variant26 source=/mnt/alpha/user/zhaozc/highlander/batch3/merged_vcf/s9843-1_FDHG190451800-1a.chr1.g.vcf)]), (RodBindingCollection [(RodBinding name=variant27 source=/mnt/alpha/user/zhaozc/highlander/batch3/merged_vcf/s9855-1_FDHG190451794-1a.chr1.g.vcf)]), (RodBindingCollection [(RodBinding name=variant28 source=/mnt/alpha/user/zhaozc/highlander/batch3/merged_vcf/s9858-1_FDHG190451791-1a.chr1.g.vcf)]), (RodBindingCollection [(RodBinding name=variant29 source=/mnt/alpha/user/zhaozc/highlander/batch3/merged_vcf/s9862-1_FDHG190451792-1a.chr1.g.vcf)]), (RodBindingCollection [(RodBinding name=variant30 source=/mnt/alpha/user/zhaozc/highlander/batch3/merged_vcf/s9899-1_FDHG190451796-1a.chr1.g.vcf)])] out=/mnt/alpha/user/zhaozc/highlander/batch3/merged_vcf/cmds/../results/chr1.combined.g.vcf convertToBasePairResolution=false breakBandsAtMultiplesOf=0 filter_reads_with_N_cigar=false filter_mismatching_base_and_quals=false filter_bases_not_stored=false">
##GATKCommandLine.GenotypeGVCFs=<ID=GenotypeGVCFs,Version=3.5-0-g36282e4,Date="Fri Dec 13 10:23:01 UTC 2019",Epoch=1576232581482,CommandLineOptions="analysis_type=GenotypeGVCFs input_file=[] showFullBamList=false read_buffer_size=null phone_home=AWS gatk_key=null tag=NA read_filter=[] disable_read_filter=[] intervals=null excludeIntervals=null interval_set_rule=UNION interval_merging=ALL interval_padding=0 reference_sequence=/mnt/alpha/user/zhaozc/highlander/database/BWA_GATK_index/hg19.fa nonDeterministicRandomSeed=false disableDithering=false maxRuntime=-1 maxRuntimeUnits=MINUTES downsampling_type=BY_SAMPLE downsample_to_fraction=null downsample_to_coverage=1000 baq=OFF baqGapOpenPenalty=40.0 refactor_NDN_cigar_string=false fix_misencoded_quality_scores=false allow_potentially_misencoded_quality_scores=false useOriginalQualities=false defaultBaseQualities=-1 performanceLog=null BQSR=null quantize_quals=0 static_quantized_quals=null round_down_quantized=false disable_indel_quals=false emit_original_quals=false preserve_qscores_less_than=6 globalQScorePrior=-1.0 validation_strictness=SILENT remove_program_records=false keep_program_records=false sample_rename_mapping_file=null unsafe=null disable_auto_index_creation_and_locking_when_reading_rods=false no_cmdline_in_header=false sites_only=false never_trim_vcf_format_field=false bcf=false bam_compression=null simplifyBAM=false disable_bam_indexing=false generate_md5=false num_threads=1 num_cpu_threads_per_data_thread=1 num_io_threads=0 monitorThreadEfficiency=false num_bam_file_handles=null read_group_black_list=null pedigree=[] pedigreeString=[] pedigreeValidationType=STRICT allow_intervals_with_unindexed_bam=false generateShadowBCF=false variant_index_type=DYNAMIC_SEEK variant_index_parameter=-1 reference_window_stop=0 logging_level=INFO log_to_file=null help=false version=false variant=[(RodBindingCollection [(RodBinding name=variant source=/mnt/alpha/user/zhaozc/highlander/batch3/merged_vcf/cmds/../results/chr1.combined.g.vcf)])] out=/mnt/alpha/user/zhaozc/highlander/batch3/merged_vcf/cmds/../results/chr1.raw.vcf includeNonVariantSites=false uniquifySamples=false annotateNDA=false heterozygosity=0.001 indel_heterozygosity=1.25E-4 standard_min_confidence_threshold_for_calling=30.0 standard_min_confidence_threshold_for_emitting=30.0 max_alternate_alleles=6 input_prior=[] sample_ploidy=2 annotation=[] group=[Standard] dbsnp=(RodBinding name= source=UNBOUND) filter_reads_with_N_cigar=false filter_mismatching_base_and_quals=false filter_bases_not_stored=false">
##GATKCommandLine.HaplotypeCaller=<ID=HaplotypeCaller,Version=3.5-0-g36282e4,Date="Thu Aug 29 18:14:20 UTC 2019",Epoch=1567102460776,CommandLineOptions="analysis_type=HaplotypeCaller input_file=[/mnt/osf1/user/zhaozc/highlander/batch3/data_X101SC19050094-Z01-B12-21/3.alignment/s0074-1_FDHG190451799-1a/aln/s0074-1_FDHG190451799-1a.markdup.realn.baserecal.bam] showFullBamList=false read_buffer_size=null phone_home=AWS gatk_key=null tag=NA read_filter=[] disable_read_filter=[] intervals=[chr1] excludeIntervals=null interval_set_rule=UNION interval_merging=ALL interval_padding=0 reference_sequence=/mnt/alpha/user/zhaozc/highlander/database/BWA_GATK_index/hg19.fa nonDeterministicRandomSeed=false disableDithering=false maxRuntime=-1 maxRuntimeUnits=MINUTES downsampling_type=BY_SAMPLE downsample_to_fraction=null downsample_to_coverage=500 baq=OFF baqGapOpenPenalty=40.0 refactor_NDN_cigar_string=false fix_misencoded_quality_scores=false allow_potentially_misencoded_quality_scores=false useOriginalQualities=false defaultBaseQualities=-1 performanceLog=null BQSR=null quantize_quals=0 static_quantized_quals=null round_down_quantized=false disable_indel_quals=false emit_original_quals=false preserve_qscores_less_than=6 globalQScorePrior=-1.0 validation_strictness=SILENT remove_program_records=false keep_program_records=false sample_rename_mapping_file=null unsafe=null disable_auto_index_creation_and_locking_when_reading_rods=false no_cmdline_in_header=false sites_only=false never_trim_vcf_format_field=false bcf=false bam_compression=null simplifyBAM=false disable_bam_indexing=false generate_md5=false num_threads=1 num_cpu_threads_per_data_thread=1 num_io_threads=0 monitorThreadEfficiency=false num_bam_file_handles=null read_group_black_list=null pedigree=[] pedigreeString=[] pedigreeValidationType=STRICT allow_intervals_with_unindexed_bam=false generateShadowBCF=false variant_index_type=LINEAR variant_index_parameter=128000 reference_window_stop=0 logging_level=INFO log_to_file=null help=false version=false likelihoodCalculationEngine=PairHMM heterogeneousKmerSizeResolution=COMBO_MIN dbsnp=(RodBinding name=dbsnp source=/mnt/alpha/user/zhaozc/highlander/database/dbSNP_150_hg19.common.prefixChr.vcf.bgz) dontTrimActiveRegions=false maxDiscARExtension=25 maxGGAARExtension=300 paddingAroundIndels=150 paddingAroundSNPs=20 comp=[] annotation=[StrandOddsRatio, Coverage, QualByDepth, FisherStrand, MappingQualityRankSumTest, ReadPosRankSumTest, RMSMappingQuality, StrandBiasBySample] excludeAnnotation=[ChromosomeCounts, FisherStrand, StrandOddsRatio, QualByDepth] group=[Standard, StandardHCAnnotation] debug=false useFilteredReadsForAnnotations=false emitRefConfidence=GVCF bamOutput=null bamWriterType=CALLED_HAPLOTYPES disableOptimizations=false annotateNDA=false heterozygosity=0.001 indel_heterozygosity=1.25E-4 standard_min_confidence_threshold_for_calling=-0.0 standard_min_confidence_threshold_for_emitting=-0.0 max_alternate_alleles=6 input_prior=[] sample_ploidy=2 genotyping_mode=DISCOVERY alleles=(RodBinding name= source=UNBOUND) contamination_fraction_to_filter=0.0 contamination_fraction_per_sample_file=null p_nonref_model=null exactcallslog=null output_mode=EMIT_VARIANTS_ONLY allSitePLs=true gcpHMM=10 pair_hmm_implementation=VECTOR_LOGLESS_CACHING pair_hmm_sub_implementation=ENABLE_ALL always_load_vector_logless_PairHMM_lib=false phredScaledGlobalReadMismappingRate=45 noFpga=false sample_name=null kmerSize=[10, 25] dontIncreaseKmerSizesForCycles=false allowNonUniqueKmersInRef=false numPruningSamples=1 recoverDanglingHeads=false doNotRecoverDanglingBranches=false minDanglingBranchLength=4 consensus=false maxNumHaplotypesInPopulation=128 errorCorrectKmers=false minPruning=2 debugGraphTransformations=false allowCyclesInKmerGraphToGeneratePaths=false graphOutput=null kmerLengthForReadErrorCorrection=25 minObservationsForKmerToBeSolid=20 GVCFGQBands=[1, 2, 3, 4, 5, 6, 7, 8, 9, 10, 11, 12, 13, 14, 15, 16, 17, 18, 19, 20, 21, 22, 23, 24, 25, 26, 27, 28, 29, 30, 31, 32, 33, 34, 35, 36, 37, 38, 39, 40, 41, 42, 43, 44, 45, 46, 47, 48, 49, 50, 51, 52, 53, 54, 55, 56, 57, 58, 59, 60, 70, 80, 90, 99] indelSizeToEliminateInRefModel=10 min_base_quality_score=10 includeUmappedReads=false useAllelesTrigger=false doNotRunPhysicalPhasing=false keepRG=null justDetermineActiveRegions=false dontGenotype=false dontUseSoftClippedBases=false captureAssemblyFailureBAM=false errorCorrectReads=false pcr_indel_model=CONSERVATIVE maxReadsInRegionPerSample=10000 minReadsPerAlignmentStart=10 mergeVariantsViaLD=false activityProfileOut=null activeRegionOut=null activeRegionIn=null activeRegionExtension=null forceActive=false activeRegionMaxSize=null bandPassSigma=null maxProbPropagationDistance=50 activeProbabilityThreshold=0.002 min_mapping_quality_score=20 filter_reads_with_N_cigar=false filter_mismatching_base_and_quals=false filter_bases_not_stored=false">
##GATKCommandLine=<ID=ApplyVQSR,CommandLine="ApplyVQSR  --recal-file /mnt/alpha/user/zhaozc/highlander/batch3/merged_vcf/cmds/../results/batch3.all.snp.indel.recal --tranches-file /mnt/alpha/user/zhaozc/highlander/batch3/merged_vcf/cmds/../results/batch3.all.snp.indel.tranches --output /mnt/alpha/user/zhaozc/highlander/batch3/merged_vcf/cmds/../results/batch3.all.VQSR.snps.indels.vcf.gz --truth-sensitivity-filter-level 99.0 --mode INDEL --variant /mnt/alpha/user/zhaozc/highlander/batch3/merged_vcf/cmds/../results/batch3.all.VQSR.snps.vcf.gz --reference /mnt/alpha/user/zhaozc/highlander/database/BWA_GATK_index/hg19.fa  --use-allele-specific-annotations false --ignore-all-filters false --exclude-filtered false --interval-set-rule UNION --interval-padding 0 --interval-exclusion-padding 0 --interval-merging-rule ALL --read-validation-stringency SILENT --seconds-between-progress-updates 10.0 --disable-sequence-dictionary-validation false --create-output-bam-index true --create-output-bam-md5 false --create-output-variant-index true --create-output-variant-md5 false --lenient false --add-output-sam-program-record true --add-output-vcf-command-line true --cloud-prefetch-buffer 40 --cloud-index-prefetch-buffer -1 --disable-bam-index-caching false --sites-only-vcf-output false --help false --version false --showHidden false --verbosity INFO --QUIET false --use-jdk-deflater false --use-jdk-inflater false --gcs-max-retries 20 --gcs-project-for-requester-pays  --disable-tool-default-read-filters false",Version="4.1.4.1",Date="December 23, 2019 3:18:52 PM UTC">
##GVCFBlock0-1=minGQ=0(inclusive),maxGQ=1(exclusive)
##GVCFBlock1-2=minGQ=1(inclusive),maxGQ=2(exclusive)
##GVCFBlock10-11=minGQ=10(inclusive),maxGQ=11(exclusive)
##GVCFBlock11-12=minGQ=11(inclusive),maxGQ=12(exclusive)
##GVCFBlock12-13=minGQ=12(inclusive),maxGQ=13(exclusive)
##GVCFBlock13-14=minGQ=13(inclusive),maxGQ=14(exclusive)
##GVCFBlock14-15=minGQ=14(inclusive),maxGQ=15(exclusive)
##GVCFBlock15-16=minGQ=15(inclusive),maxGQ=16(exclusive)
##GVCFBlock16-17=minGQ=16(inclusive),maxGQ=17(exclusive)
##GVCFBlock17-18=minGQ=17(inclusive),maxGQ=18(exclusive)
##GVCFBlock18-19=minGQ=18(inclusive),maxGQ=19(exclusive)
##GVCFBlock19-20=minGQ=19(inclusive),maxGQ=20(exclusive)
##GVCFBlock2-3=minGQ=2(inclusive),maxGQ=3(exclusive)
##GVCFBlock20-21=minGQ=20(inclusive),maxGQ=21(exclusive)
##GVCFBlock21-22=minGQ=21(inclusive),maxGQ=22(exclusive)
##GVCFBlock22-23=minGQ=22(inclusive),maxGQ=23(exclusive)
##GVCFBlock23-24=minGQ=23(inclusive),maxGQ=24(exclusive)
##GVCFBlock24-25=minGQ=24(inclusive),maxGQ=25(exclusive)
##GVCFBlock25-26=minGQ=25(inclusive),maxGQ=26(exclusive)
##GVCFBlock26-27=minGQ=26(inclusive),maxGQ=27(exclusive)
##GVCFBlock27-28=minGQ=27(inclusive),maxGQ=28(exclusive)
##GVCFBlock28-29=minGQ=28(inclusive),maxGQ=29(exclusive)
##GVCFBlock29-30=minGQ=29(inclusive),maxGQ=30(exclusive)
##GVCFBlock3-4=minGQ=3(inclusive),maxGQ=4(exclusive)
##GVCFBlock30-31=minGQ=30(inclusive),maxGQ=31(exclusive)
##GVCFBlock31-32=minGQ=31(inclusive),maxGQ=32(exclusive)
##GVCFBlock32-33=minGQ=32(inclusive),maxGQ=33(exclusive)
##GVCFBlock33-34=minGQ=33(inclusive),maxGQ=34(exclusive)
##GVCFBlock34-35=minGQ=34(inclusive),maxGQ=35(exclusive)
##GVCFBlock35-36=minGQ=35(inclusive),maxGQ=36(exclusive)
##GVCFBlock36-37=minGQ=36(inclusive),maxGQ=37(exclusive)
##GVCFBlock37-38=minGQ=37(inclusive),maxGQ=38(exclusive)
##GVCFBlock38-39=minGQ=38(inclusive),maxGQ=39(exclusive)
##GVCFBlock39-40=minGQ=39(inclusive),maxGQ=40(exclusive)
##GVCFBlock4-5=minGQ=4(inclusive),maxGQ=5(exclusive)
##GVCFBlock40-41=minGQ=40(inclusive),maxGQ=41(exclusive)
##GVCFBlock41-42=minGQ=41(inclusive),maxGQ=42(exclusive)
##GVCFBlock42-43=minGQ=42(inclusive),maxGQ=43(exclusive)
##GVCFBlock43-44=minGQ=43(inclusive),maxGQ=44(exclusive)
##GVCFBlock44-45=minGQ=44(inclusive),maxGQ=45(exclusive)
##GVCFBlock45-46=minGQ=45(inclusive),maxGQ=46(exclusive)
##GVCFBlock46-47=minGQ=46(inclusive),maxGQ=47(exclusive)
##GVCFBlock47-48=minGQ=47(inclusive),maxGQ=48(exclusive)
##GVCFBlock48-49=minGQ=48(inclusive),maxGQ=49(exclusive)
##GVCFBlock49-50=minGQ=49(inclusive),maxGQ=50(exclusive)
##GVCFBlock5-6=minGQ=5(inclusive),maxGQ=6(exclusive)
##GVCFBlock50-51=minGQ=50(inclusive),maxGQ=51(exclusive)
##GVCFBlock51-52=minGQ=51(inclusive),maxGQ=52(exclusive)
##GVCFBlock52-53=minGQ=52(inclusive),maxGQ=53(exclusive)
##GVCFBlock53-54=minGQ=53(inclusive),maxGQ=54(exclusive)
##GVCFBlock54-55=minGQ=54(inclusive),maxGQ=55(exclusive)
##GVCFBlock55-56=minGQ=55(inclusive),maxGQ=56(exclusive)
##GVCFBlock56-57=minGQ=56(inclusive),maxGQ=57(exclusive)
##GVCFBlock57-58=minGQ=57(inclusive),maxGQ=58(exclusive)
##GVCFBlock58-59=minGQ=58(inclusive),maxGQ=59(exclusive)
##GVCFBlock59-60=minGQ=59(inclusive),maxGQ=60(exclusive)
##GVCFBlock6-7=minGQ=6(inclusive),maxGQ=7(exclusive)
##GVCFBlock60-70=minGQ=60(inclusive),maxGQ=70(exclusive)
##GVCFBlock7-8=minGQ=7(inclusive),maxGQ=8(exclusive)
##GVCFBlock70-80=minGQ=70(inclusive),maxGQ=80(exclusive)
##GVCFBlock8-9=minGQ=8(inclusive),maxGQ=9(exclusive)
##GVCFBlock80-90=minGQ=80(inclusive),maxGQ=90(exclusive)
##GVCFBlock9-10=minGQ=9(inclusive),maxGQ=10(exclusive)
##GVCFBlock90-99=minGQ=90(inclusive),maxGQ=99(exclusive)
##GVCFBlock99-2147483647=minGQ=99(inclusive),maxGQ=2147483647(exclusive)
##INFO=<ID=AC,Number=A,Type=Integer,Description="Allele count in genotypes, for each ALT allele, in the same order as listed">
##INFO=<ID=AF,Number=A,Type=Float,Description="Allele Frequency, for each ALT allele, in the same order as listed">
##INFO=<ID=AN,Number=1,Type=Integer,Description="Total number of alleles in called genotypes">
##INFO=<ID=BaseQRankSum,Number=1,Type=Float,Description="Z-score from Wilcoxon rank sum test of Alt Vs. Ref base qualities">
##INFO=<ID=ClippingRankSum,Number=1,Type=Float,Description="Z-score From Wilcoxon rank sum test of Alt vs. Ref number of hard clipped bases">
##INFO=<ID=DB,Number=0,Type=Flag,Description="dbSNP Membership">
##INFO=<ID=DP,Number=1,Type=Integer,Description="Approximate read depth; some reads may have been filtered">
##INFO=<ID=DS,Number=0,Type=Flag,Description="Were any of the samples downsampled?">
##INFO=<ID=END,Number=1,Type=Integer,Description="Stop position of the interval">
##INFO=<ID=ExcessHet,Number=1,Type=Float,Description="Phred-scaled p-value for exact test of excess heterozygosity">
##INFO=<ID=FS,Number=1,Type=Float,Description="Phred-scaled p-value using Fisher's exact test to detect strand bias">
##INFO=<ID=HaplotypeScore,Number=1,Type=Float,Description="Consistency of the site with at most two segregating haplotypes">
##INFO=<ID=InbreedingCoeff,Number=1,Type=Float,Description="Inbreeding coefficient as estimated from the genotype likelihoods per-sample when compared against the Hardy-Weinberg expectation">
##INFO=<ID=MLEAC,Number=A,Type=Integer,Description="Maximum likelihood expectation (MLE) for the allele counts (not necessarily the same as the AC), for each ALT allele, in the same order as listed">
##INFO=<ID=MLEAF,Number=A,Type=Float,Description="Maximum likelihood expectation (MLE) for the allele frequency (not necessarily the same as the AF), for each ALT allele, in the same order as listed">
##INFO=<ID=MQ,Number=1,Type=Float,Description="RMS Mapping Quality">
##INFO=<ID=MQRankSum,Number=1,Type=Float,Description="Z-score From Wilcoxon rank sum test of Alt vs. Ref read mapping qualities">
##INFO=<ID=NEGATIVE_TRAIN_SITE,Number=0,Type=Flag,Description="This variant was used to build the negative training set of bad variants">
##INFO=<ID=POSITIVE_TRAIN_SITE,Number=0,Type=Flag,Description="This variant was used to build the positive training set of good variants">
##INFO=<ID=QD,Number=1,Type=Float,Description="Variant Confidence/Quality by Depth">
##INFO=<ID=RAW_MQ,Number=1,Type=Float,Description="Raw data for RMS Mapping Quality">
##INFO=<ID=ReadPosRankSum,Number=1,Type=Float,Description="Z-score from Wilcoxon rank sum test of Alt vs. Ref read position bias">
##INFO=<ID=SOR,Number=1,Type=Float,Description="Symmetric Odds Ratio of 2x2 contingency table to detect strand bias">
##INFO=<ID=VQSLOD,Number=1,Type=Float,Description="Log odds of being a true variant versus being false under the trained gaussian mixture model">
##INFO=<ID=culprit,Number=1,Type=String,Description="The annotation which was the worst performing in the Gaussian mixture model, likely the reason why the variant was filtered out">
##bcftools_concatCommand=concat -o /mnt/alpha/user/zhaozc/highlander/batch3/merged_vcf/cmds/../results/batch3.all.raw.vcf /mnt/alpha/user/zhaozc/highlander/batch3/merged_vcf/cmds/../results/chr1.raw.vcf /mnt/alpha/user/zhaozc/highlander/batch3/merged_vcf/cmds/../results/chr2.raw.vcf /mnt/alpha/user/zhaozc/highlander/batch3/merged_vcf/cmds/../results/chr3.raw.vcf /mnt/alpha/user/zhaozc/highlander/batch3/merged_vcf/cmds/../results/chr4.raw.vcf /mnt/alpha/user/zhaozc/highlander/batch3/merged_vcf/cmds/../results/chr5.raw.vcf /mnt/alpha/user/zhaozc/highlander/batch3/merged_vcf/cmds/../results/chr6.raw.vcf /mnt/alpha/user/zhaozc/highlander/batch3/merged_vcf/cmds/../results/chr7.raw.vcf /mnt/alpha/user/zhaozc/highlander/batch3/merged_vcf/cmds/../results/chr8.raw.vcf /mnt/alpha/user/zhaozc/highlander/batch3/merged_vcf/cmds/../results/chr9.raw.vcf /mnt/alpha/user/zhaozc/highlander/batch3/merged_vcf/cmds/../results/chr10.raw.vcf /mnt/alpha/user/zhaozc/highlander/batch3/merged_vcf/cmds/../results/chr11.raw.vcf /mnt/alpha/user/zhaozc/highlander/batch3/merged_vcf/cmds/../results/chr12.raw.vcf /mnt/alpha/user/zhaozc/highlander/batch3/merged_vcf/cmds/../results/chr13.raw.vcf /mnt/alpha/user/zhaozc/highlander/batch3/merged_vcf/cmds/../results/chr14.raw.vcf /mnt/alpha/user/zhaozc/highlander/batch3/merged_vcf/cmds/../results/chr15.raw.vcf /mnt/alpha/user/zhaozc/highlander/batch3/merged_vcf/cmds/../results/chr16.raw.vcf /mnt/alpha/user/zhaozc/highlander/batch3/merged_vcf/cmds/../results/chr17.raw.vcf /mnt/alpha/user/zhaozc/highlander/batch3/merged_vcf/cmds/../results/chr18.raw.vcf /mnt/alpha/user/zhaozc/highlander/batch3/merged_vcf/cmds/../results/chr19.raw.vcf /mnt/alpha/user/zhaozc/highlander/batch3/merged_vcf/cmds/../results/chr20.raw.vcf /mnt/alpha/user/zhaozc/highlander/batch3/merged_vcf/cmds/../results/chr21.raw.vcf /mnt/alpha/user/zhaozc/highlander/batch3/merged_vcf/cmds/../results/chr22.raw.vcf /mnt/alpha/user/zhaozc/highlander/batch3/merged_vcf/cmds/../results/chrX.raw.vcf /mnt/alpha/user/zhaozc/highlander/batch3/merged_vcf/cmds/../results/chrY.raw.vcf; Date=Fri Dec 13 12:17:59 2019
##bcftools_concatVersion=1.9+htslib-1.9
##contig=<ID=chr1,length=249250621,assembly=hg19>
##contig=<ID=chr2,length=243199373,assembly=hg19>
##contig=<ID=chr3,length=198022430,assembly=hg19>
##contig=<ID=chr4,length=191154276,assembly=hg19>
##contig=<ID=chr5,length=180915260,assembly=hg19>
##contig=<ID=chr6,length=171115067,assembly=hg19>
##contig=<ID=chr7,length=159138663,assembly=hg19>
##contig=<ID=chr8,length=146364022,assembly=hg19>
##contig=<ID=chr9,length=141213431,assembly=hg19>
##contig=<ID=chr10,length=135534747,assembly=hg19>
##contig=<ID=chr11,length=135006516,assembly=hg19>
##contig=<ID=chr12,length=133851895,assembly=hg19>
##contig=<ID=chr13,length=115169878,assembly=hg19>
##contig=<ID=chr14,length=107349540,assembly=hg19>
##contig=<ID=chr15,length=102531392,assembly=hg19>
##contig=<ID=chr16,length=90354753,assembly=hg19>
##contig=<ID=chr17,length=81195210,assembly=hg19>
##contig=<ID=chr18,length=78077248,assembly=hg19>
##contig=<ID=chr19,length=59128983,assembly=hg19>
##contig=<ID=chr20,length=63025520,assembly=hg19>
##contig=<ID=chr21,length=48129895,assembly=hg19>
##contig=<ID=chr22,length=51304566,assembly=hg19>
##contig=<ID=chrX,length=155270560,assembly=hg19>
##contig=<ID=chrY,length=59373566,assembly=hg19>
##contig=<ID=chrM,length=16571,assembly=hg19>
##contig=<ID=chr1_gl000191_random,length=106433,assembly=hg19>
##contig=<ID=chr1_gl000192_random,length=547496,assembly=hg19>
##contig=<ID=chr4_gl000193_random,length=189789,assembly=hg19>
##contig=<ID=chr4_gl000194_random,length=191469,assembly=hg19>
##contig=<ID=chr7_gl000195_random,length=182896,assembly=hg19>
##contig=<ID=chr8_gl000196_random,length=38914,assembly=hg19>
##contig=<ID=chr8_gl000197_random,length=37175,assembly=hg19>
##contig=<ID=chr9_gl000198_random,length=90085,assembly=hg19>
##contig=<ID=chr9_gl000199_random,length=169874,assembly=hg19>
##contig=<ID=chr9_gl000200_random,length=187035,assembly=hg19>
##contig=<ID=chr9_gl000201_random,length=36148,assembly=hg19>
##contig=<ID=chr11_gl000202_random,length=40103,assembly=hg19>
##contig=<ID=chr17_gl000203_random,length=37498,assembly=hg19>
##contig=<ID=chr17_gl000204_random,length=81310,assembly=hg19>
##contig=<ID=chr17_gl000205_random,length=174588,assembly=hg19>
##contig=<ID=chr17_gl000206_random,length=41001,assembly=hg19>
##contig=<ID=chr18_gl000207_random,length=4262,assembly=hg19>
##contig=<ID=chr19_gl000208_random,length=92689,assembly=hg19>
##contig=<ID=chr19_gl000209_random,length=159169,assembly=hg19>
##contig=<ID=chr21_gl000210_random,length=27682,assembly=hg19>
##contig=<ID=chrUn_gl000211,length=166566,assembly=hg19>
##contig=<ID=chrUn_gl000212,length=186858,assembly=hg19>
##contig=<ID=chrUn_gl000213,length=164239,assembly=hg19>
##contig=<ID=chrUn_gl000214,length=137718,assembly=hg19>
##contig=<ID=chrUn_gl000215,length=172545,assembly=hg19>
##contig=<ID=chrUn_gl000216,length=172294,assembly=hg19>
##contig=<ID=chrUn_gl000217,length=172149,assembly=hg19>
##contig=<ID=chrUn_gl000218,length=161147,assembly=hg19>
##contig=<ID=chrUn_gl000219,length=179198,assembly=hg19>
##contig=<ID=chrUn_gl000220,length=161802,assembly=hg19>
##contig=<ID=chrUn_gl000221,length=155397,assembly=hg19>
##contig=<ID=chrUn_gl000222,length=186861,assembly=hg19>
##contig=<ID=chrUn_gl000223,length=180455,assembly=hg19>
##contig=<ID=chrUn_gl000224,length=179693,assembly=hg19>
##contig=<ID=chrUn_gl000225,length=211173,assembly=hg19>
##contig=<ID=chrUn_gl000226,length=15008,assembly=hg19>
##contig=<ID=chrUn_gl000227,length=128374,assembly=hg19>
##contig=<ID=chrUn_gl000228,length=129120,assembly=hg19>
##contig=<ID=chrUn_gl000229,length=19913,assembly=hg19>
##contig=<ID=chrUn_gl000230,length=43691,assembly=hg19>
##contig=<ID=chrUn_gl000231,length=27386,assembly=hg19>
##contig=<ID=chrUn_gl000232,length=40652,assembly=hg19>
##contig=<ID=chrUn_gl000233,length=45941,assembly=hg19>
##contig=<ID=chrUn_gl000234,length=40531,assembly=hg19>
##contig=<ID=chrUn_gl000235,length=34474,assembly=hg19>
##contig=<ID=chrUn_gl000236,length=41934,assembly=hg19>
##contig=<ID=chrUn_gl000237,length=45867,assembly=hg19>
##contig=<ID=chrUn_gl000238,length=39939,assembly=hg19>
##contig=<ID=chrUn_gl000239,length=33824,assembly=hg19>
##contig=<ID=chrUn_gl000240,length=41933,assembly=hg19>
##contig=<ID=chrUn_gl000241,length=42152,assembly=hg19>
##contig=<ID=chrUn_gl000242,length=43523,assembly=hg19>
##contig=<ID=chrUn_gl000243,length=43341,assembly=hg19>
##contig=<ID=chrUn_gl000244,length=39929,assembly=hg19>
##contig=<ID=chrUn_gl000245,length=36651,assembly=hg19>
##contig=<ID=chrUn_gl000246,length=38154,assembly=hg19>
##contig=<ID=chrUn_gl000247,length=36422,assembly=hg19>
##contig=<ID=chrUn_gl000248,length=39786,assembly=hg19>
##contig=<ID=chrUn_gl000249,length=38502,assembly=hg19>
##contig=<ID=hs37d5,length=35477943,assembly=hg19>
##reference=file:///mnt/alpha/user/zhaozc/highlander/database/BWA_GATK_index/hg19.fa
##source=ApplyVQSR
##bcftools_viewVersion=1.9+htslib-1.9
##bcftools_viewCommand=view -Oz -s s0210-1_FDHG190451805-1a -o s0210-1_FDHG190451805-1a.VQSR.snps.indels.vcf.gz batch3.all.VQSR.snps.indels.vcf.gz; Date=Mon Aug 31 21:05:21 2020
##bcftools_viewCommand=view -U -m2 -M2 -Oz -o s0210-1_FDHG190451805-1a.VQSR.snps.indels.filter.vcf.gz s0210-1_FDHG190451805-1a.VQSR.snps.indels.vcf.gz; Date=Thu Sep  3 17:10:07 2020
##bcftools_mergeVersion=1.11+htslib-1.11
##bcftools_mergeCommand=merge -0 Downloads/chr1child.vcf.gz Downloads/chr1mother.vcf.gz Downloads/chr1father.vcf.gz; Date=Sun Aug 15 00:04:35 2021
#CHROM	POS	ID	REF	ALT	QUAL	FILTER	INFO	FORMAT	s0210-1_FDHG190451805-1a	s1731-1_FDHG190451803-1a	s9631-1_FDHG190451804-1a
